--2026-01-09 17:16:42--  https://rest.uniprot.org/uniprotkb/stream?format=fasta&query=%28organism_id%3A9606%29%20AND%20%28reviewed%3Atrue%29
Resolving rest.uniprot.org (rest.uniprot.org)... 193.62.193.81
Connecting to rest.uniprot.org (rest.uniprot.org)|193.62.193.81|:443... connected.
HTTP request sent, awaiting response... 200 
Length: unspecified [text/plain]
Saving to: ‘human_proteome_swissprot.fasta.gz’

     0K .......... .......... .......... .......... ..........  708K
    50K .......... .......... .......... .......... .......... 1.23M
   100K .......... .......... .......... .......... .......... 2.14M
   150K .......... .......... .......... .......... .......... 3.44M
   200K .......... .......... .......... .......... .......... 3.72M
   250K .......... .......... .......... .......... .......... 4.65M
   300K .......... .......... .......... .......... .......... 5.34M
   350K .......... .......... .......... .......... ..........  552K
   400K .......... .......... .......... .......... .......... 13.2M
   450K .......... .......... .......... .......... .......... 11.2M
   500K .......... .......... .......... .......... .......... 14.0M
   550K .......... .......... .......... .......... .......... 11.3M
   600K .......... .......... .......... .......... .......... 10.5M
   650K .......... .......... .......... .......... .......... 11.1M
   700K .......... .......... .......... .......... ..........  214K
   750K .......... .......... .......... .......... .......... 28.5M
   800K .......... .......... .......... .......... .......... 26.4M
   850K .......... .......... .......... .......... .......... 21.9M
   900K .......... .......... .......... .......... .......... 20.1M
   950K .......... .......... .......... .......... .......... 44.9M
  1000K .......... .......... .......... .......... .......... 21.1M
  1050K .......... .......... .......... .......... .......... 1.67M
  1100K .......... .......... .......... .......... ..........  184K
  1150K .......... .......... .......... .......... .......... 28.3M
  1200K .......... .......... .......... .......... .......... 26.0M
  1250K .......... .......... .......... .......... .......... 21.2M
  1300K .......... .......... .......... .......... .......... 26.1M
  1350K .......... .......... .......... .......... .......... 32.2M
  1400K .......... .......... .......... .......... ..........  150K
  1450K .......... .......... .......... .......... .......... 27.2M
  1500K .......... .......... .......... .......... .......... 25.5M
  1550K .......... .......... .......... .......... .......... 24.0M
  1600K .......... .......... .......... .......... .......... 32.8M
  1650K .......... .......... .......... .......... ..........  158K
  1700K .......... .......... .......... .......... .......... 34.5M
  1750K .......... .......... .......... .......... .......... 24.3M
  1800K .......... .......... .......... .......... .......... 24.9M
  1850K .......... .......... .......... .......... .......... 22.3M
  1900K .......... .......... .......... .......... .......... 28.5M
  1950K .......... .......... .......... .......... ..........  162K
  2000K .......... .......... .......... .......... .......... 34.0M
  2050K .......... .......... .......... .......... .......... 21.0M
  2100K .......... .......... .......... .......... .......... 37.5M
  2150K .......... .......... .......... .......... .......... 22.0M
  2200K .......... .......... .......... .......... .......... 26.4M
  2250K .......... .......... .......... .......... .......... 29.5M
  2300K .......... .......... .......... .......... ..........  165K
  2350K .......... .......... .......... .......... .......... 29.3M
  2400K .......... .......... .......... .......... .......... 25.6M
  2450K .......... .......... .......... .......... .......... 18.1M
  2500K .......... .......... .......... .......... .......... 26.4M
  2550K .......... .......... .......... .......... .......... 25.0M
  2600K .......... .......... .......... .......... ..........  163K
  2650K .......... .......... .......... .......... .......... 27.6M
  2700K .......... .......... .......... .......... .......... 26.9M
  2750K .......... .......... .......... .......... .......... 24.5M
  2800K .......... .......... .......... .......... .......... 21.7M
  2850K .......... .......... .......... .......... .......... 30.3M
  2900K .......... .......... .......... .......... .......... 26.1M
  2950K .......... .......... .......... .......... ..........  195K
  3000K .......... .......... .......... .......... .......... 24.3M
  3050K .......... .......... .......... .......... .......... 25.6M
  3100K .......... .......... .......... .......... .......... 30.9M
  3150K .......... .......... .......... .......... .......... 21.8M
  3200K .......... .......... .......... .......... ..........  158K
  3250K .......... .......... .......... .......... .......... 26.2M
  3300K .......... .......... .......... .......... .......... 24.3M
  3350K .......... .......... .......... .......... .......... 25.2M
  3400K .......... .......... .......... .......... .......... 25.6M
  3450K .......... .......... .......... .......... .......... 30.2M
  3500K .......... .......... .......... .......... .......... 22.8M
  3550K .......... .......... .......... .......... ..........  175K
  3600K .......... .......... .......... .......... .......... 23.0M
  3650K .......... .......... .......... .......... .......... 24.5M
  3700K .......... .......... .......... .......... .......... 21.0M
  3750K .......... .......... .......... .......... .......... 26.6M
  3800K .......... .......... .......... .......... .......... 33.1M
  3850K .......... .......... .......... .......... .......... 29.1M
  3900K .......... .......... .......... .......... .......... 22.3M
  3950K .......... .......... .......... .......... ..........  179K
  4000K .......... .......... .......... .......... .......... 28.1M
  4050K .......... .......... .......... .......... .......... 25.8M
  4100K .......... .......... .......... .......... .......... 25.8M
  4150K .......... .......... .......... .......... .......... 30.3M
  4200K .......... .......... .......... .......... .......... 22.3M
  4250K .......... .......... .......... .......... .......... 28.9M
  4300K .......... .......... .......... .......... .......... 21.5M
  4350K .......... .......... .......... .......... ..........  221K
  4400K .......... .......... .......... .......... .......... 22.0M
  4450K .......... .......... .......... .......... .......... 25.9M
  4500K .......... .......... .......... .......... .......... 22.9M
  4550K .......... .......... .......... .......... .......... 41.8M
  4600K .......... .......... .......... .......... .......... 20.5M
  4650K .......... .......... .......... .......... .......... 34.0M
  4700K .......... .......... .......... .......... ..........  210K
  4750K .......... .......... .......... .......... .......... 25.0M
  4800K .......... .......... .......... .......... .......... 39.0M
  4850K .......... .......... .......... .......... .......... 25.7M
  4900K .......... .......... .......... .......... .......... 22.5M
  4950K .......... .......... .......... .......... .......... 29.1M
  5000K .......... .......... .......... .......... .......... 22.1M
  5050K .......... .......... .......... .......... .......... 25.1M
  5100K .......... .......... .......... .......... .......... 29.3M
  5150K .......... .......... .......... .......... ..........  259K
  5200K .......... .......... .......... .......... .......... 25.7M
  5250K .......... .......... .......... .......... .......... 25.9M
  5300K .......... .......... .......... .......... .......... 26.3M
  5350K .......... .......... .......... .......... .......... 28.8M
  5400K .......... .......... .......... .......... .......... 27.6M
  5450K .......... .......... .......... .......... .......... 20.5M
  5500K .......... .......... .......... .......... .......... 33.8M
  5550K .......... .......... .......... .......... ..........  234K
  5600K .......... .......... .......... .......... .......... 25.5M
  5650K .......... .......... .......... .......... .......... 28.3M
  5700K .......... .......... .......... .......... .......... 18.6M
  5750K .......... .......... .......... .......... .......... 33.1M
  5800K .......... .......... .......... .......... .......... 24.5M
  5850K .......... .......... .......... .......... .......... 30.4M
  5900K .......... .......... .......... .......... .......... 21.9M
  5950K .......... .......... .......... .......... ..........  243K
  6000K .......... .......... .......... .......... .......... 22.8M
  6050K .......... .......... .......... .......... .......... 41.2M
  6100K .......... .......... .......... .......... .......... 24.8M
  6150K .......... .......... .......... .......... .......... 20.5M
  6200K .......... .......... .......... .......... .......... 27.5M
  6250K .......... .......... .......... .......... .......... 31.2M
  6300K .......... .......... .......... .......... .......... 21.0M
  6350K .......... .......... .......... .......... .......... 33.8M
  6400K .......... .......... .......... .......... ..........  237K
  6450K .......... .......... .......... .......... .......... 25.1M
  6500K .......... .......... .......... .......... .......... 25.2M
  6550K .......... .......... .......... .......... .......... 30.4M
  6600K .......... .......... .......... .......... .......... 21.0M
  6650K .......... .......... .......... .......... .......... 27.6M
  6700K .......... .......... .......... .......... ..........  228K
  6750K .......... .......... .......... .......... .......... 33.7M
  6800K .......... .......... .......... .......... .......... 24.1M
  6850K .......... .......... .......... .......... .......... 25.7M
  6900K .......... .......... .......... .......... .......... 32.0M
  6950K .......... .......... .......... .......... .......... 21.1M
  7000K .......... .......... .......... .......... .......... 26.3M
  7050K .......... .......... .......... .......... .......... 29.1M
  7100K .......... .......... .......... .......... .......... 21.8M
  7150K .......... .......... .......... .......... ..........  207K
  7200K .......... .......... .......... .......... .......... 32.3M
  7250K .......... .......... .......... .......... .......... 19.0M
  7300K .......... .......... .......... .......... .......... 25.7M
  7350K .......... .......... .......... .......... .......... 31.6M
  7400K .......... .......... .......... .......... .......... 26.7M
  7450K .......... .......... .......... .......... .......... 28.4M
  7500K .......... .......... .......... .......... ..........  226K
  7550K .......... .......... .......... .......... .......... 23.9M
  7600K .......... .......... .......... .......... .......... 26.4M
  7650K .......... .......... .......... .......... .......... 29.4M
  7700K .......... .......... .......... .......... .......... 22.1M
  7750K .......... .......... .......... .......... .......... 24.7M
  7800K .......... .......... .......... .......... .......... 32.6M
  7850K .......... .......... .......... .......... ..........  219K
  7900K .......... .......... .......... .......... .......... 23.7M
  7950K .......... .......... .......... .......... .......... 25.6M
  8000K .......... .......... .......... .......... .......... 25.4M
  8050K .......... .......... .......... .......... .......... 31.1M
  8100K .......... .......... .......... .......... .......... 32.6M
  8150K .......... .......... .......... .......... ..........  229K
  8200K .......... .......... .......... .......... .......... 41.9M
  8250K .......... .......... .......... .......... .......... 21.6M
  8300K .......... .......... .......... .......... .......... 24.8M
  8350K .......... .......... .......... .......... .......... 23.8M
  8400K .......... .......... .......... .......... .......... 34.1M
  8450K .......... .......... .......... .......... .......... 20.7M
  8500K .......... .......... .......... .......... ..........  229K
  8550K .......... .......... .......... .......... .......... 25.7M
  8600K .......... .......... .......... .......... .......... 22.2M
  8650K .......... .......... .......... .......... .......... 41.0M
  8700K .......... .......... .......... .......... .......... 21.2M
  8750K .......... .......... .......... .......... .......... 25.4M
  8800K .......... .......... .......... .......... .......... 31.7M
  8850K .......... .......... .......... .......... ..........  227K
  8900K .......... .......... .......... .......... .......... 26.2M
  8950K .......... .......... .......... .......... .......... 23.8M
  9000K .......... .......... .......... .......... .......... 26.3M
  9050K .......... .......... .......... .......... .......... 21.1M
  9100K .......... .......... .......... .......... .......... 32.5M
  9150K .......... .......... .......... .......... .......... 26.5M
  9200K .......... .......... .......... .......... ..........  228K
  9250K .......... .......... .......... .......... .......... 25.8M
  9300K .......... .......... .......... .......... .......... 24.5M
  9350K .......... .......... .......... .......... .......... 21.4M
  9400K .......... .......... .......... .......... .......... 41.5M
  9450K .......... .......... .......... .......... .......... 31.7M
  9500K .......... .......... .......... .......... .......... 21.5M
  9550K .......... .......... .......... .......... ..........  197K
  9600K .......... .......... .......... .......... .......... 30.1M
  9650K .......... .......... .......... .......... .......... 23.4M
  9700K .......... .......... .......... .......... .......... 27.7M
  9750K .......... .......... .......... .......... .......... 21.5M
  9800K .......... .......... .......... .......... .......... 31.0M
  9850K .......... .......... .......... .......... .......... 24.8M
  9900K .......... .......... .......... .......... .......... 21.4M
  9950K .......... .......... .......... .......... ..........  197K
 10000K .......... .......... .......... .......... .......... 21.2M
 10050K .......... .......... .......... .......... .......... 43.5M
 10100K .......... .......... .......... .......... .......... 26.2M
 10150K .......... .......... .......... .......... .......... 21.2M
 10200K .......... .......... .......... .......... .......... 31.1M
 10250K .......... .......... .......... .......... .......... 21.8M
 10300K .......... .......... .......... .......... .......... 25.4M
 10350K .......... .......... .......... .......... ..........  316K
 10400K .......... .......... .......... .......... .......... 23.9M
 10450K .......... .......... .......... .......... .......... 25.7M
 10500K .......... .......... .......... .......... .......... 26.1M
 10550K .......... .......... .......... .......... .......... 30.9M
 10600K .......... .......... .......... .......... ..........  310K
 10650K .......... .......... .......... .......... .......... 28.8M
 10700K .......... .......... .......... .......... .......... 31.9M
 10750K .......... .......... .......... .......... .......... 25.3M
 10800K .......... .......... .......... .......... .......... 26.4M
 10850K .......... .......... .......... .......... .......... 27.4M
 10900K .......... .......... .......... .......... ..........  353K
 10950K .......... .......... .......... .......... .......... 32.3M
 11000K .......... .......... .......... .......... .......... 25.6M
 11050K .......... .......... .......... .......... .......... 25.5M
 11100K .......... .......... .......... .......... .......... 30.3M
 11150K .......... .......... .......... .......... .......... 21.5M
 11200K .......... .......... .......... .......... ..........  343K
 11250K .......... .......... .......... .......... .......... 21.3M
 11300K .......... .......... .......... .......... .......... 25.4M
 11350K .......... .......... .......... .......... .......... 41.4M
 11400K .......... .......... .......... .......... .......... 22.0M
 11450K .......... .......... .......... .......... .......... 28.6M
 11500K .......... .......... .......... .......... ..........  394K
 11550K .......... .......... .......... .......... .......... 25.0M
 11600K .......... .......... .......... .......... .......... 25.3M
 11650K .......... .......... .......... .......... .......... 20.4M
 11700K .......... .......... .......... .......... .......... 41.9M
 11750K .......... .......... .......... .......... ..........  406K
 11800K .......... .......... .......... .......... .......... 38.5M
 11850K .......... .......... .......... .......... .......... 25.5M
 11900K .......... .......... .......... .......... .......... 21.5M
 11950K .......... .......... .......... .......... .......... 20.4M
 12000K .......... .......... .......... .......... ..........  391K
 12050K .......... .......... .......... .......... .......... 20.0M
 12100K .......... .......... .......... .......... .......... 43.2M
 12150K .......... .......... .......... .......... .......... 25.9M
 12200K .......... .......... .......... .......... .......... 22.2M
 12250K .......... .......... .......... .......... .......... 30.0M
 12300K .......... .......... .......... .......... ..........  428K
 12350K .......... .......... .......... .......... .......... 41.0M
 12400K .......... .......... .......... .......... .......... 25.8M
 12450K .......... .......... .......... .......... .......... 20.6M
 12500K .......... .......... .......... .......... ..........  479K
 12550K .......... .......... .......... .......... .......... 29.3M
 12600K .......... .......... .......... .......... .......... 27.6M
 12650K .......... .......... .......... .......... .......... 24.9M
 12700K .......... .......... .......... .......... .......... 30.0M
 12750K .......... .......... .......... .......... ..........  571K
 12800K .......... .......... .......... .......... .......... 29.8M
 12850K .......... .......... .......... .......... .......... 26.2M
 12900K .......... .......... .......... .......... .......... 26.0M
 12950K .......... .......... .......... .......... .......... 39.4M
 13000K .......... .......... .......... .......... ..........  477K
 13050K .......... .......... .......... .......... .......... 23.8M
 13100K .......... .......... .......... .......... .......... 26.8M
 13150K .......... .......... .......... .......... .......... 25.6M
 13200K .......... .......... .......... .......... ..........  834K
 13250K .......... .......... .......... .......... .......... 24.7M
 13300K .......... .......... .......... .......... .....      35.8M=9.0s

2026-01-09 17:16:52 (1.45 MB/s) - ‘human_proteome_swissprot.fasta.gz’ saved [13665992]


gzip: human_proteome_swissprot.fasta.gz: not in gzip format
grep: human_proteome_swissprot.fasta: No such file or directory
