--2026-01-09 17:54:24--  https://rest.uniprot.org/uniprotkb/stream?format=fasta&query=%28organism_id%3A9606%29%20AND%20%28reviewed%3Atrue%29
Resolving rest.uniprot.org (rest.uniprot.org)... 193.62.193.81
Connecting to rest.uniprot.org (rest.uniprot.org)|193.62.193.81|:443... connected.
HTTP request sent, awaiting response... 200 
Length: unspecified [text/plain]
Saving to: ‘human_proteome_swissprot.fasta’

     0K .......... .......... .......... .......... ..........  577K
    50K .......... .......... .......... .......... .......... 1.73M
   100K .......... .......... .......... .......... .......... 1.69M
   150K .......... .......... .......... .......... .......... 3.23M
   200K .......... .......... .......... .......... .......... 3.94M
   250K .......... .......... .......... .......... .......... 4.36M
   300K .......... .......... .......... .......... .......... 5.20M
   350K .......... .......... .......... .......... ..........  665K
   400K .......... .......... .......... .......... .......... 9.64M
   450K .......... .......... .......... .......... .......... 12.6M
   500K .......... .......... .......... .......... .......... 10.3M
   550K .......... .......... .......... .......... .......... 10.5M
   600K .......... .......... .......... .......... .......... 10.5M
   650K .......... .......... .......... .......... .......... 11.3M
   700K .......... .......... .......... .......... ..........  179K
   750K .......... .......... .......... .......... .......... 61.5M
   800K .......... .......... .......... .......... .......... 86.9M
   850K .......... .......... .......... .......... .......... 82.1M
   900K .......... .......... .......... .......... .......... 78.5M
   950K .......... .......... .......... .......... .......... 68.1M
  1000K .......... .......... .......... .......... .......... 75.3M
  1050K .......... .......... .......... .......... .......... 82.2M
  1100K .......... .......... .......... .......... ..........  186K
  1150K .......... .......... .......... .......... .......... 21.0M
  1200K .......... .......... .......... .......... .......... 25.9M
  1250K .......... .......... .......... .......... .......... 25.5M
  1300K .......... .......... .......... .......... .......... 13.4M
  1350K .......... .......... .......... .......... .......... 66.0M
  1400K .......... .......... .......... .......... ..........  147K
  1450K .......... .......... .......... .......... .......... 26.1M
  1500K .......... .......... .......... .......... .......... 19.6M
  1550K .......... .......... .......... .......... .......... 21.1M
  1600K .......... .......... .......... .......... .......... 33.8M
  1650K .......... .......... .......... .......... ..........  156K
  1700K .......... .......... .......... .......... .......... 22.5M
  1750K .......... .......... .......... .......... .......... 25.2M
  1800K .......... .......... .......... .......... .......... 19.7M
  1850K .......... .......... .......... .......... .......... 28.6M
  1900K .......... .......... .......... .......... .......... 26.2M
  1950K .......... .......... .......... .......... ..........  165K
  2000K .......... .......... .......... .......... .......... 24.7M
  2050K .......... .......... .......... .......... .......... 26.5M
  2100K .......... .......... .......... .......... .......... 25.1M
  2150K .......... .......... .......... .......... .......... 20.2M
  2200K .......... .......... .......... .......... .......... 27.8M
  2250K .......... .......... .......... .......... .......... 19.8M
  2300K .......... .......... .......... .......... ..........  164K
  2350K .......... .......... .......... .......... .......... 21.6M
  2400K .......... .......... .......... .......... .......... 25.0M
  2450K .......... .......... .......... .......... .......... 28.1M
  2500K .......... .......... .......... .......... .......... 19.6M
  2550K .......... .......... .......... .......... .......... 24.6M
  2600K .......... .......... .......... .......... ..........  173K
  2650K .......... .......... .......... .......... .......... 21.6M
  2700K .......... .......... .......... .......... .......... 25.1M
  2750K .......... .......... .......... .......... .......... 26.3M
  2800K .......... .......... .......... .......... .......... 19.6M
  2850K .......... .......... .......... .......... .......... 28.0M
  2900K .......... .......... .......... .......... .......... 29.5M
  2950K .......... .......... .......... .......... ..........  198K
  3000K .......... .......... .......... .......... .......... 20.5M
  3050K .......... .......... .......... .......... .......... 24.9M
  3100K .......... .......... .......... .......... .......... 28.6M
  3150K .......... .......... .......... .......... .......... 20.2M
  3200K .......... .......... .......... .......... ..........  163K
  3250K .......... .......... .......... .......... .......... 27.2M
  3300K .......... .......... .......... .......... .......... 20.0M
  3350K .......... .......... .......... .......... .......... 24.4M
  3400K .......... .......... .......... .......... .......... 27.4M
  3450K .......... .......... .......... .......... .......... 25.5M
  3500K .......... .......... .......... .......... .......... 22.3M
  3550K .......... .......... .......... .......... ..........  162K
  3600K .......... .......... .......... .......... .......... 20.5M
  3650K .......... .......... .......... .......... .......... 27.3M
  3700K .......... .......... .......... .......... .......... 25.4M
  3750K .......... .......... .......... .......... .......... 27.6M
  3800K .......... .......... .......... .......... .......... 1.06M
  3850K .......... .......... .......... .......... .......... 78.4M
  3900K .......... .......... .......... .......... .......... 76.9M
  3950K .......... .......... .......... .......... ..........  218K
  4000K .......... .......... .......... .......... .......... 20.9M
  4050K .......... .......... .......... .......... .......... 23.7M
  4100K .......... .......... .......... .......... .......... 20.6M
  4150K .......... .......... .......... .......... .......... 27.8M
  4200K .......... .......... .......... .......... .......... 26.1M
  4250K .......... .......... .......... .......... .......... 26.4M
  4300K .......... .......... .......... .......... .......... 21.2M
  4350K .......... .......... .......... .......... ..........  224K
  4400K .......... .......... .......... .......... .......... 23.5M
  4450K .......... .......... .......... .......... .......... 27.6M
  4500K .......... .......... .......... .......... .......... 23.4M
  4550K .......... .......... .......... .......... .......... 28.6M
  4600K .......... .......... .......... .......... .......... 21.0M
  4650K .......... .......... .......... .......... .......... 24.0M
  4700K .......... .......... .......... .......... ..........  232K
  4750K .......... .......... .......... .......... .......... 25.3M
  4800K .......... .......... .......... .......... .......... 25.8M
  4850K .......... .......... .......... .......... .......... 24.1M
  4900K .......... .......... .......... .......... .......... 32.1M
  4950K .......... .......... .......... .......... .......... 19.8M
  5000K .......... .......... .......... .......... .......... 26.0M
  5050K .......... .......... .......... .......... .......... 20.8M
  5100K .......... .......... .......... .......... .......... 25.9M
  5150K .......... .......... .......... .......... ..........  250K
  5200K .......... .......... .......... .......... .......... 30.7M
  5250K .......... .......... .......... .......... .......... 24.9M
  5300K .......... .......... .......... .......... .......... 18.7M
  5350K .......... .......... .......... .......... .......... 19.4M
  5400K .......... .......... .......... .......... .......... 52.2M
  5450K .......... .......... .......... .......... .......... 20.3M
  5500K .......... .......... .......... .......... .......... 18.8M
  5550K .......... .......... .......... .......... ..........  235K
  5600K .......... .......... .......... .......... .......... 20.6M
  5650K .......... .......... .......... .......... .......... 25.7M
  5700K .......... .......... .......... .......... .......... 18.7M
  5750K .......... .......... .......... .......... .......... 27.4M
  5800K .......... .......... .......... .......... .......... 26.1M
  5850K .......... .......... .......... .......... .......... 20.4M
  5900K .......... .......... .......... .......... .......... 26.2M
  5950K .......... .......... .......... .......... ..........  243K
  6000K .......... .......... .......... .......... .......... 25.8M
  6050K .......... .......... .......... .......... .......... 20.1M
  6100K .......... .......... .......... .......... .......... 26.0M
  6150K .......... .......... .......... .......... .......... 18.9M
  6200K .......... .......... .......... .......... .......... 27.4M
  6250K .......... .......... .......... .......... .......... 29.3M
  6300K .......... .......... .......... .......... .......... 26.3M
  6350K .......... .......... .......... .......... .......... 27.9M
  6400K .......... .......... .......... .......... ..........  222K
  6450K .......... .......... .......... .......... .......... 20.2M
  6500K .......... .......... .......... .......... .......... 25.9M
  6550K .......... .......... .......... .......... .......... 19.6M
  6600K .......... .......... .......... .......... .......... 42.5M
  6650K .......... .......... .......... .......... .......... 18.9M
  6700K .......... .......... .......... .......... ..........  228K
  6750K .......... .......... .......... .......... .......... 37.0M
  6800K .......... .......... .......... .......... .......... 19.5M
  6850K .......... .......... .......... .......... .......... 26.1M
  6900K .......... .......... .......... .......... .......... 27.7M
  6950K .......... .......... .......... .......... .......... 19.8M
  7000K .......... .......... .......... .......... .......... 26.4M
  7050K .......... .......... .......... .......... .......... 26.1M
  7100K .......... .......... .......... .......... .......... 20.7M
  7150K .......... .......... .......... .......... ..........  217K
  7200K .......... .......... .......... .......... .......... 29.2M
  7250K .......... .......... .......... .......... .......... 18.6M
  7300K .......... .......... .......... .......... .......... 25.2M
  7350K .......... .......... .......... .......... .......... 28.2M
  7400K .......... .......... .......... .......... .......... 19.8M
  7450K .......... .......... .......... .......... .......... 27.4M
  7500K .......... .......... .......... .......... ..........  229K
  7550K .......... .......... .......... .......... .......... 25.7M
  7600K .......... .......... .......... .......... .......... 25.6M
  7650K .......... .......... .......... .......... .......... 27.2M
  7700K .......... .......... .......... .......... .......... 19.1M
  7750K .......... .......... .......... .......... .......... 28.5M
  7800K .......... .......... .......... .......... .......... 25.1M
  7850K .......... .......... .......... .......... ..........  223K
  7900K .......... .......... .......... .......... .......... 20.7M
  7950K .......... .......... .......... .......... .......... 25.9M
  8000K .......... .......... .......... .......... .......... 27.4M
  8050K .......... .......... .......... .......... .......... 19.3M
  8100K .......... .......... .......... .......... .......... 26.7M
  8150K .......... .......... .......... .......... ..........  226K
  8200K .......... .......... .......... .......... .......... 33.9M
  8250K .......... .......... .......... .......... .......... 24.6M
  8300K .......... .......... .......... .......... .......... 26.7M
  8350K .......... .......... .......... .......... .......... 20.2M
  8400K .......... .......... .......... .......... .......... 26.2M
  8450K .......... .......... .......... .......... .......... 20.4M
  8500K .......... .......... .......... .......... ..........  225K
  8550K .......... .......... .......... .......... .......... 23.4M
  8600K .......... .......... .......... .......... .......... 25.5M
  8650K .......... .......... .......... .......... .......... 26.5M
  8700K .......... .......... .......... .......... .......... 19.5M
  8750K .......... .......... .......... .......... .......... 26.8M
  8800K .......... .......... .......... .......... .......... 27.0M
  8850K .......... .......... .......... .......... ..........  224K
  8900K .......... .......... .......... .......... .......... 25.1M
  8950K .......... .......... .......... .......... .......... 25.1M
  9000K .......... .......... .......... .......... .......... 21.5M
  9050K .......... .......... .......... .......... .......... 26.5M
  9100K .......... .......... .......... .......... .......... 19.4M
  9150K .......... .......... .......... .......... .......... 27.5M
  9200K .......... .......... .......... .......... ..........  227K
  9250K .......... .......... .......... .......... .......... 28.2M
  9300K .......... .......... .......... .......... .......... 19.6M
  9350K .......... .......... .......... .......... .......... 26.4M
  9400K .......... .......... .......... .......... .......... 27.4M
  9450K .......... .......... .......... .......... .......... 20.5M
  9500K .......... .......... .......... .......... .......... 26.1M
  9550K .......... .......... .......... .......... ..........  215K
  9600K .......... .......... .......... .......... .......... 24.2M
  9650K .......... .......... .......... .......... .......... 27.0M
  9700K .......... .......... .......... .......... .......... 26.6M
  9750K .......... .......... .......... .......... .......... 19.9M
  9800K .......... .......... .......... .......... .......... 27.3M
  9850K .......... .......... .......... .......... .......... 27.9M
  9900K .......... .......... .......... .......... .......... 19.7M
  9950K .......... .......... .......... .......... ..........  217K
 10000K .......... .......... .......... .......... .......... 25.4M
 10050K .......... .......... .......... .......... .......... 25.6M
 10100K .......... .......... .......... .......... .......... 19.9M
 10150K .......... .......... .......... .......... .......... 24.7M
 10200K .......... .......... .......... .......... .......... 29.7M
 10250K .......... .......... .......... .......... .......... 19.9M
 10300K .......... .......... .......... .......... .......... 28.5M
 10350K .......... .......... .......... .......... ..........  324K
 10400K .......... .......... .......... .......... .......... 26.5M
 10450K .......... .......... .......... .......... .......... 27.0M
 10500K .......... .......... .......... .......... .......... 28.1M
 10550K .......... .......... .......... .......... .......... 18.8M
 10600K .......... .......... .......... .......... ..........  358K
 10650K .......... .......... .......... .......... .......... 28.9M
 10700K .......... .......... .......... .......... .......... 28.5M
 10750K .......... .......... .......... .......... .......... 18.9M
 10800K .......... .......... .......... .......... .......... 26.3M
 10850K .......... .......... .......... .......... .......... 29.2M
 10900K .......... .......... .......... .......... ..........  368K
 10950K .......... .......... .......... .......... .......... 34.8M
 11000K .......... .......... .......... .......... .......... 23.9M
 11050K .......... .......... .......... .......... .......... 19.0M
 11100K .......... .......... .......... .......... .......... 28.5M
 11150K .......... .......... .......... .......... .......... 19.9M
 11200K .......... .......... .......... .......... ..........  352K
 11250K .......... .......... .......... .......... .......... 29.6M
 11300K .......... .......... .......... .......... .......... 18.6M
 11350K .......... .......... .......... .......... .......... 25.8M
 11400K .......... .......... .......... .......... .......... 26.4M
 11450K .......... .......... .......... .......... .......... 19.7M
 11500K .......... .......... .......... .......... ..........  440K
 11550K .......... .......... .......... .......... .......... 22.3M
 11600K .......... .......... .......... .......... .......... 25.6M
 11650K .......... .......... .......... .......... .......... 19.6M
 11700K .......... .......... .......... .......... .......... 27.0M
 11750K .......... .......... .......... .......... ..........  425K
 11800K .......... .......... .......... .......... .......... 19.1M
 11850K .......... .......... .......... .......... .......... 26.5M
 11900K .......... .......... .......... .......... .......... 26.4M
 11950K .......... .......... .......... .......... .......... 26.3M
 12000K .......... .......... .......... .......... ..........  418K
 12050K .......... .......... .......... .......... .......... 26.4M
 12100K .......... .......... .......... .......... .......... 23.8M
 12150K .......... .......... .......... .......... .......... 21.1M
 12200K .......... .......... .......... .......... .......... 25.5M
 12250K .......... .......... .......... .......... .......... 26.5M
 12300K .......... .......... .......... .......... ..........  426K
 12350K .......... .......... .......... .......... .......... 29.3M
 12400K .......... .......... .......... .......... .......... 26.2M
 12450K .......... .......... .......... .......... .......... 19.2M
 12500K .......... .......... .......... .......... ..........  495K
 12550K .......... .......... .......... .......... .......... 29.4M
 12600K .......... .......... .......... .......... .......... 25.7M
 12650K .......... .......... .......... .......... .......... 23.8M
 12700K .......... .......... .......... .......... .......... 21.0M
 12750K .......... .......... .......... .......... ..........  581K
 12800K .......... .......... .......... .......... .......... 29.4M
 12850K .......... .......... .......... .......... .......... 26.2M
 12900K .......... .......... .......... .......... .......... 27.2M
 12950K .......... .......... .......... .......... .......... 26.0M
 13000K .......... .......... .......... .......... ..........  458K
 13050K .......... .......... .......... .......... .......... 20.0M
 13100K .......... .......... .......... .......... .......... 44.1M
 13150K .......... .......... .......... .......... .......... 20.3M
 13200K .......... .......... .......... .......... ..........  827K
 13250K .......... .......... .......... .......... .......... 27.6M
 13300K .......... .......... .......... .......... .....      22.1M=8.9s

2026-01-09 17:54:34 (1.47 MB/s) - ‘human_proteome_swissprot.fasta’ saved [13665992]

